{"level":"info","message":"VoiceCall AI server listening","port":3000,"publicHost":"voicecall.richardhery.com","health":"http://localhost:3000/health","missingEnv":[],"at":"2026-05-09T19:50:22.346Z"}
{"level":"info","message":"VoiceCall AI server listening","port":3000,"publicHost":"voicecall.richardhery.com","health":"http://localhost:3000/health","missingEnv":[],"at":"2026-05-09T20:45:06.862Z"}
{"level":"info","message":"VoiceCall AI server listening","serverVersion":"2026-05-09-cors-origin-normalization","port":3000,"publicHost":"voicecall.richardhery.com","health":"http://localhost:3000/health","missingEnv":[],"at":"2026-05-09T21:20:52.285Z"}
{"level":"info","message":"Twilio call created","callSid":"CA36dac0cab720e21f61b0771d546fb5c4","callId":"2","sessionId":"fd4cab53-109e-473b-9fd8-85858c15abdb","at":"2026-05-09T21:22:44.474Z"}
{"level":"info","message":"Twilio status callback","sessionId":"fd4cab53-109e-473b-9fd8-85858c15abdb","callSid":"CA36dac0cab720e21f61b0771d546fb5c4","status":"initiated","at":"2026-05-09T21:22:44.756Z"}
{"level":"info","message":"Twilio status callback","sessionId":"fd4cab53-109e-473b-9fd8-85858c15abdb","callSid":"CA36dac0cab720e21f61b0771d546fb5c4","status":"ringing","at":"2026-05-09T21:22:46.066Z"}
{"level":"info","message":"Twilio status callback","sessionId":"fd4cab53-109e-473b-9fd8-85858c15abdb","callSid":"CA36dac0cab720e21f61b0771d546fb5c4","status":"in-progress","at":"2026-05-09T21:22:49.875Z"}
{"level":"info","message":"Twilio status callback","sessionId":"fd4cab53-109e-473b-9fd8-85858c15abdb","callSid":"CA36dac0cab720e21f61b0771d546fb5c4","status":"completed","at":"2026-05-09T21:23:02.946Z"}
{"level":"info","message":"Twilio call created","callSid":"CA55b9833a670f07bacf3a8a4596a68793","callId":"3","sessionId":"92fa3999-c1b2-4c58-8a31-a4408e41f443","at":"2026-05-09T21:23:31.919Z"}
{"level":"info","message":"Twilio status callback","sessionId":"92fa3999-c1b2-4c58-8a31-a4408e41f443","callSid":"CA55b9833a670f07bacf3a8a4596a68793","status":"initiated","at":"2026-05-09T21:23:32.173Z"}
{"level":"info","message":"Twilio status callback","sessionId":"92fa3999-c1b2-4c58-8a31-a4408e41f443","callSid":"CA55b9833a670f07bacf3a8a4596a68793","status":"ringing","at":"2026-05-09T21:23:33.088Z"}
{"level":"info","message":"Twilio status callback","sessionId":"92fa3999-c1b2-4c58-8a31-a4408e41f443","callSid":"CA55b9833a670f07bacf3a8a4596a68793","status":"in-progress","at":"2026-05-09T21:23:35.955Z"}
{"level":"info","message":"Connected Twilio stream to xAI","streamSid":"MZ0d0c0b857b7dedf78507d2f18ad9afde","sessionId":"92fa3999-c1b2-4c58-8a31-a4408e41f443","callSid":"CA55b9833a670f07bacf3a8a4596a68793","at":"2026-05-09T21:23:49.439Z"}
{"level":"info","message":"Twilio media stream stopped","sessionId":"92fa3999-c1b2-4c58-8a31-a4408e41f443","streamSid":"MZ0d0c0b857b7dedf78507d2f18ad9afde","at":"2026-05-09T21:24:00.857Z"}
{"level":"info","message":"xAI WebSocket closed","sessionId":"92fa3999-c1b2-4c58-8a31-a4408e41f443","streamSid":"MZ0d0c0b857b7dedf78507d2f18ad9afde","at":"2026-05-09T21:24:01.026Z"}
{"level":"info","message":"Twilio status callback","sessionId":"92fa3999-c1b2-4c58-8a31-a4408e41f443","callSid":"CA55b9833a670f07bacf3a8a4596a68793","status":"completed","at":"2026-05-09T21:24:01.079Z"}
{"level":"info","message":"Twilio call created","callSid":"CA42764ef5edc1b0bc170d505824aebada","callId":"4","sessionId":"0fda4389-3e0a-4eb4-8086-a3da899c95e2","at":"2026-05-09T21:25:22.345Z"}
{"level":"info","message":"Twilio status callback","sessionId":"0fda4389-3e0a-4eb4-8086-a3da899c95e2","callSid":"CA42764ef5edc1b0bc170d505824aebada","status":"initiated","at":"2026-05-09T21:25:22.516Z"}
{"level":"info","message":"Twilio status callback","sessionId":"0fda4389-3e0a-4eb4-8086-a3da899c95e2","callSid":"CA42764ef5edc1b0bc170d505824aebada","status":"ringing","at":"2026-05-09T21:25:24.743Z"}
{"level":"info","message":"Twilio status callback","sessionId":"0fda4389-3e0a-4eb4-8086-a3da899c95e2","callSid":"CA42764ef5edc1b0bc170d505824aebada","status":"in-progress","at":"2026-05-09T21:25:29.006Z"}
{"level":"info","message":"Connected Twilio stream to xAI","streamSid":"MZc652f12b75b573a0cbb7d26e1cee9cd6","sessionId":"0fda4389-3e0a-4eb4-8086-a3da899c95e2","callSid":"CA42764ef5edc1b0bc170d505824aebada","at":"2026-05-09T21:25:39.238Z"}
{"level":"info","message":"Twilio media stream stopped","sessionId":"0fda4389-3e0a-4eb4-8086-a3da899c95e2","streamSid":"MZc652f12b75b573a0cbb7d26e1cee9cd6","at":"2026-05-09T21:27:44.888Z"}
{"level":"info","message":"Twilio status callback","sessionId":"0fda4389-3e0a-4eb4-8086-a3da899c95e2","callSid":"CA42764ef5edc1b0bc170d505824aebada","status":"completed","at":"2026-05-09T21:27:44.950Z"}
{"level":"info","message":"xAI WebSocket closed","sessionId":"0fda4389-3e0a-4eb4-8086-a3da899c95e2","streamSid":"MZc652f12b75b573a0cbb7d26e1cee9cd6","at":"2026-05-09T21:27:45.068Z"}
{"level":"info","message":"Twilio call created","callSid":"CA39895ff1c3dc755c9aa02b8ef2eaa9a2","callId":"5","sessionId":"7cf551e7-9e61-4e97-a6a8-9d9f71a8afee","at":"2026-05-09T21:34:39.554Z"}
{"level":"info","message":"Twilio status callback","sessionId":"7cf551e7-9e61-4e97-a6a8-9d9f71a8afee","callSid":"CA39895ff1c3dc755c9aa02b8ef2eaa9a2","status":"initiated","at":"2026-05-09T21:34:39.753Z"}
{"level":"info","message":"Twilio status callback","sessionId":"7cf551e7-9e61-4e97-a6a8-9d9f71a8afee","callSid":"CA39895ff1c3dc755c9aa02b8ef2eaa9a2","status":"ringing","at":"2026-05-09T21:34:41.553Z"}
{"level":"info","message":"Twilio status callback","sessionId":"7cf551e7-9e61-4e97-a6a8-9d9f71a8afee","callSid":"CA39895ff1c3dc755c9aa02b8ef2eaa9a2","status":"in-progress","at":"2026-05-09T21:34:46.964Z"}
{"level":"info","message":"Connected Twilio stream to xAI","streamSid":"MZ95eb5eca2ebb24080b6dcbc6478f8d08","sessionId":"7cf551e7-9e61-4e97-a6a8-9d9f71a8afee","callSid":"CA39895ff1c3dc755c9aa02b8ef2eaa9a2","at":"2026-05-09T21:34:58.070Z"}
{"level":"info","message":"Twilio media stream stopped","sessionId":"7cf551e7-9e61-4e97-a6a8-9d9f71a8afee","streamSid":"MZ95eb5eca2ebb24080b6dcbc6478f8d08","at":"2026-05-09T21:36:47.648Z"}
{"level":"info","message":"xAI WebSocket closed","sessionId":"7cf551e7-9e61-4e97-a6a8-9d9f71a8afee","streamSid":"MZ95eb5eca2ebb24080b6dcbc6478f8d08","at":"2026-05-09T21:36:47.803Z"}
{"level":"info","message":"Twilio status callback","sessionId":"7cf551e7-9e61-4e97-a6a8-9d9f71a8afee","callSid":"CA39895ff1c3dc755c9aa02b8ef2eaa9a2","status":"completed","at":"2026-05-09T21:36:47.829Z"}
{"level":"info","message":"VoiceCall AI server listening","serverVersion":"2026-05-09-stripe-prepaid-minutes","port":3000,"publicHost":"voicecall.richardhery.com","health":"http://localhost:3000/health","missingEnv":[],"at":"2026-05-10T15:49:21.798Z"}
